[WARN] The "pnpm" field in package.json is no longer read by pnpm. The following keys were ignored: "pnpm.onlyBuiltDependencies". See https://pnpm.io/settings for the new home of each setting.

> @studiobook/web@0.0.0 test /home/user/repo/apps/web
> vitest run


[1m[46m RUN [49m[22m [36mv3.2.6 [39m[90m/home/user/repo/apps/web[39m

 [32m✓[39m lib/domain/booking-rules.test.ts [2m([22m[2m14 tests[22m[2m)[22m[32m 13[2mms[22m[39m
[90mstderr[2m | lib/notifications/outbox.test.ts[2m > [22m[2mdispatchOutbox[2m > [22m[2mrecords a delivery failure and leaves the row retryable
[22m[39mnotification dispatch failed { id: [32m'ccf0b8fa-0f92-481e-b6c5-1d10187de790'[39m, error: [32m'boom'[39m }

 [32m✓[39m lib/notifications/outbox.test.ts [2m([22m[2m7 tests[22m[2m)[22m[32m 10[2mms[22m[39m
 [32m✓[39m lib/domain/invoices.test.ts [2m([22m[2m20 tests[22m[2m)[22m[32m 7[2mms[22m[39m
 [31m❯[39m lib/services/services.test.ts [2m([22m[2m20 tests[22m[2m | [22m[31m1 failed[39m[2m)[22m[32m 68[2mms[22m[39m
   [32m✓[39m members service[2m > [22mrejects a duplicate email with 409[32m 9[2mms[22m[39m
   [32m✓[39m members service[2m > [22mcreates and updates a member[32m 2[2mms[22m[39m
   [32m✓[39m members service[2m > [22mgetMember 404s for an unknown id[32m 1[2mms[22m[39m
   [32m✓[39m classes service[2m > [22mcomputes occupancy on listed sessions[32m 1[2mms[22m[39m
   [32m✓[39m classes service[2m > [22mrejects a session with an unknown class type[32m 0[2mms[22m[39m
   [32m✓[39m classes service[2m > [22mgetSessionView 404s for an unknown id[32m 0[2mms[22m[39m
   [32m✓[39m bookings service[2m > [22mbooks an open future session and sends a confirmation[32m 2[2mms[22m[39m
   [32m✓[39m bookings service[2m > [22mwaitlists when full (and sends no confirmation)[32m 1[2mms[22m[39m
   [32m✓[39m bookings service[2m > [22mrejects a double booking with 409[32m 0[2mms[22m[39m
   [32m✓[39m bookings service[2m > [22mmarks a far-off cancellation refund-eligible[32m 1[2mms[22m[39m
   [32m✓[39m bookings service[2m > [22mmarks a last-minute cancellation refund-ineligible[32m 0[2mms[22m[39m
   [32m✓[39m bookings service[2m > [22mpromotes the earliest waitlisted member when a seat frees up[32m 8[2mms[22m[39m
   [32m✓[39m invoices service[2m > [22mcomputes subtotal + tax + total and sends invoice_issued[32m 19[2mms[22m[39m
   [32m✓[39m invoices service[2m > [22mallows a valid status transition and rejects an invalid one[32m 2[2mms[22m[39m
   [32m✓[39m invoices service[2m > [22mlists invoices with member names and reads a detail[32m 1[2mms[22m[39m
   [32m✓[39m invoices service[2m > [22mcomputes totals via computeInvoiceTotals for AC #3 regression: stored totals match domain function[32m 1[2mms[22m[39m
[31m   [31m×[31m account-statements service[2m > [22mtotals exclude refunded lines from taxable subtotal for AC #2[39m[32m 9[2mms[22m[39m
[31m     → expected undefined to be 10900 // Object.is equality[39m
   [32m✓[39m reports + dashboard + booking list[2m > [22msummarises monthly revenue[32m 6[2mms[22m[39m
   [32m✓[39m reports + dashboard + booking list[2m > [22mbuilds the dashboard[32m 3[2mms[22m[39m
   [32m✓[39m reports + dashboard + booking list[2m > [22mlists booking rows joined to member + class[32m 1[2mms[22m[39m
 [32m✓[39m lib/db/repos/fakes.test.ts [2m([22m[2m10 tests[22m[2m)[22m[32m 27[2mms[22m[39m
 [32m✓[39m lib/domain/dates.test.ts [2m([22m[2m17 tests[22m[2m)[22m[32m 21[2mms[22m[39m
 [32m✓[39m lib/domain/capacity.test.ts [2m([22m[2m9 tests[22m[2m)[22m[32m 5[2mms[22m[39m
 [32m✓[39m lib/domain/ical.test.ts [2m([22m[2m9 tests[22m[2m)[22m[32m 6[2mms[22m[39m
 [32m✓[39m lib/domain/reports.test.ts [2m([22m[2m5 tests[22m[2m)[22m[32m 20[2mms[22m[39m
 [32m✓[39m lib/domain/csv.test.ts [2m([22m[2m8 tests[22m[2m)[22m[32m 5[2mms[22m[39m
 [32m✓[39m lib/notifications/providers.test.ts [2m([22m[2m4 tests[22m[2m)[22m[32m 7[2mms[22m[39m
 [32m✓[39m lib/db/repos/mapping.test.ts [2m([22m[2m6 tests[22m[2m)[22m[32m 10[2mms[22m[39m
 [32m✓[39m lib/domain/money.test.ts [2m([22m[2m12 tests[22m[2m)[22m[32m 21[2mms[22m[39m
 [32m✓[39m lib/services/routes.test.ts [2m([22m[2m4 tests[22m[2m)[22m[32m 28[2mms[22m[39m

[31m⎯⎯⎯⎯⎯⎯⎯[39m[1m[41m Failed Tests 1 [49m[22m[31m⎯⎯⎯⎯⎯⎯⎯[39m

[41m[1m FAIL [22m[49m lib/services/services.test.ts[2m > [22maccount-statements service[2m > [22mtotals exclude refunded lines from taxable subtotal for AC #2
[31m[1mAssertionError[22m: expected undefined to be 10900 // Object.is equality[39m

[32m- Expected:[39m 
10900

[31m+ Received:[39m 
undefined

[36m [2m❯[22m lib/services/services.test.ts:[2m352:37[22m[39m
    [90m350| [39m    const statement = await getMemberStatement(repos, studioId, member…
    [90m351| [39m    const invoiceLine = statement.lines.find((l) => l.invoiceId === te…
    [90m352| [39m    expect(invoiceLine?.totalCents).toBe(10900); // €100 + 9% = €109 ≠…
    [90m   | [39m                                    [31m^[39m
    [90m353| [39m  })[33m;[39m
    [90m354| [39m})[33m;[39m

[31m[2m⎯⎯⎯⎯⎯⎯⎯⎯⎯⎯⎯⎯⎯⎯⎯⎯⎯⎯⎯⎯⎯⎯⎯⎯[1/1]⎯[22m[39m


[2m Test Files [22m [1m[31m1 failed[39m[22m[2m | [22m[1m[32m13 passed[39m[22m[90m (14)[39m
[2m      Tests [22m [1m[31m1 failed[39m[22m[2m | [22m[1m[32m144 passed[39m[22m[90m (145)[39m
[2m   Start at [22m 14:03:48
[2m   Duration [22m 1.70s[2m (transform 526ms, setup 0ms, collect 1.07s, tests 246ms, environment 2ms, prepare 1.13s)[22m

/home/user/repo/apps/web:
 ERR_PNPM_RECURSIVE_RUN_FIRST_FAIL  @studiobook/web@0.0.0 test: `vitest run`
Exit status 1
